C51 COMPILER V9.60.7.0   TASK2                                                             04/23/2024 10:12:57 PAGE 1   


C51 COMPILER V9.60.7.0, COMPILATION OF MODULE TASK2
OBJECT MODULE PLACED IN .\Objects\Task2.obj
COMPILER INVOKED BY: C:\Keil_v5\C51\BIN\C51.EXE Task2.c OPTIMIZE(8,SPEED) BROWSE DEBUG OBJECTEXTEND PRINT(.\Listings\Tas
                    -k2.lst) TABS(2) OBJECT(.\Objects\Task2.obj)

line level    source

   1          #include <reg51.h>
   2          
   3          unsigned int i;
   4          
   5          void delay(int time){
   6   1      unsigned int j, k;
   7   1        for(j = 0; j < time; j++){
   8   2          for(k = 0; k < 1225; k++) {}
   9   2        }
  10   1        
  11   1      }
  12          
  13          void main(){
  14   1        while(1){
  15   2          for(i = 0; i < 9; i++){
  16   3            P1 = i;
  17   3            delay(100);
  18   3          }
  19   2            
  20   2        }
  21   1      }
  22            


MODULE INFORMATION:   STATIC OVERLAYABLE
   CODE SIZE        =     66    ----
   CONSTANT SIZE    =   ----    ----
   XDATA SIZE       =   ----    ----
   PDATA SIZE       =   ----    ----
   DATA SIZE        =      2    ----
   IDATA SIZE       =   ----    ----
   BIT SIZE         =   ----    ----
END OF MODULE INFORMATION.


C51 COMPILATION COMPLETE.  0 WARNING(S),  0 ERROR(S)
