C51 COMPILER V9.60.7.0   TASK2                                                             03/26/2024 23:37:45 PAGE 1   


C51 COMPILER V9.60.7.0, COMPILATION OF MODULE TASK2
OBJECT MODULE PLACED IN .\Objects\task2.obj
COMPILER INVOKED BY: C:\Keil_v5\C51\BIN\C51.EXE task2.c OPTIMIZE(8,SPEED) BROWSE DEBUG OBJECTEXTEND PRINT(.\Listings\tas
                    -k2.lst) TABS(2) OBJECT(.\Objects\task2.obj)

line level    source

   1          #include <reg51.h>
   2          
   3          void delay(void);
   4          
   5          void main(void){
   6   1        
   7   1      P0 = 0x00;
   8   1        
   9   1      for(;;){
  10   2        P0 = 0x40;  //0
  11   2        delay();
  12   2        P0 = 0xF9;  //1
  13   2        delay();  
  14   2        P0 = 0x24;  //2
  15   2        delay();
  16   2        P0 = 0x30;  //3
  17   2        delay();
  18   2        
  19   2      }
  20   1      }
  21          void delay(void){
  22   1        unsigned int i;
  23   1        for(i = 0; i < 30000; i++);
  24   1        for( i = 0; i < 30000; i++);
  25   1        for( i = 0; i < 30000; i++);
  26   1        for( i = 0; i < 30000; i++);
  27   1        
  28   1      }


MODULE INFORMATION:   STATIC OVERLAYABLE
   CODE SIZE        =     86    ----
   CONSTANT SIZE    =   ----    ----
   XDATA SIZE       =   ----    ----
   PDATA SIZE       =   ----    ----
   DATA SIZE        =   ----    ----
   IDATA SIZE       =   ----    ----
   BIT SIZE         =   ----    ----
END OF MODULE INFORMATION.


C51 COMPILATION COMPLETE.  0 WARNING(S),  0 ERROR(S)
